N E X T F L O W  ~  version 25.04.6
Launching `/nfs/treeoflife-01/teams/tola/users/yy5/newone/sanger-tol-nfmicrofinder/tests/../main.nf` [magical_dalembert] DSL2 - revision: 726c6e8fa6
[1mInput/output options[0m
  [0;34minput                       : [0;32mhttps://ftp.ensembl.org/pub/release-114/fasta/taeniopygia_guttata/dna/Taeniopygia_guttata.bTaeGut1_v1.p.dna.primary_assembly.1.fa.gz[0m
  [0;34moutdir                      : [0;32m/nfs/treeoflife-01/teams/tola/users/yy5/newone/sanger-tol-nfmicrofinder/.nf-test/tests/214a87dccfde716f8ebff36b5474c45c/output[0m

[1mInstitutional config options[0m
  [0;34mconfig_profile_description  : [0;32mThe Wellcome Sanger Institute HPC cluster profile[0m
  [0;34mconfig_profile_contact      : [0;32mPriyanka Surana (@priyanka-surana)[0m
  [0;34mconfig_profile_url          : [0;32mhttps://www.sanger.ac.uk[0m

[1mGeneric options[0m
  [0;34mpipelines_testdata_base_path: [0;32mhttps://raw.githubusercontent.com/nf-core/test-datasets/refs/heads/nfmicrofinder[0m
  [0;34mtrace_report_suffix         : [0;32m2025-08-12_20-59-32[0m

[1mCore Nextflow options[0m
  [0;34mrunName                     : [0;32mmagical_dalembert[0m
  [0;34mcontainerEngine             : [0;32msingularity[0m
  [0;34mlaunchDir                   : [0;32m/nfs/treeoflife-01/teams/tola/users/yy5/newone/sanger-tol-nfmicrofinder/.nf-test/tests/214a87dccfde716f8ebff36b5474c45c[0m
  [0;34mworkDir                     : [0;32m/nfs/treeoflife-01/teams/tola/users/yy5/newone/sanger-tol-nfmicrofinder/.nf-test/tests/214a87dccfde716f8ebff36b5474c45c/work[0m
  [0;34mprojectDir                  : [0;32m/nfs/treeoflife-01/teams/tola/users/yy5/newone/sanger-tol-nfmicrofinder[0m
  [0;34muserName                    : [0;32myy5[0m
  [0;34mprofile                     : [0;32msanger,singularity[0m
  [0;34mconfigFiles                 : [0;32m/nfs/treeoflife-01/teams/tola/users/yy5/newone/sanger-tol-nfmicrofinder/nextflow.config, /nfs/treeoflife-01/teams/tola/users/yy5/newone/sanger-tol-nfmicrofinder/nextflow.config, /nfs/treeoflife-01/teams/tola/users/yy5/newone/sanger-tol-nfmicrofinder/tests/nextflow.config[0m

!! Only displaying parameters that differ from the pipeline defaults !!
-[2m----------------------------------------------------[0m-
WARN: The following invalid input values have been detected:

* --pep_file: https://tolit.cog.sanger.ac.uk/test-data/birds_protein/MicroFinder_prot_set.v0.1.fa.gz
* --modules_testdata_base_path: https://raw.githubusercontent.com/nf-core/test-datasets/modules/data/
* --scaffold_length_cutoff: 500000
* --max_cpus: 64
* --max_memory: 1.4 TB
* --max_time: 62d


[c7/32fd7a] Submitted process > SANGERTOL_NFMICROFINDER:NFMICROFINDER:MICROFINDER_MAP:MINIPROT_INDEX (Taeniopygia_guttata.bTaeGut1_v1.p.dna.primary_assembly.1.fa)
[45/e561b7] Submitted process > SANGERTOL_NFMICROFINDER:NFMICROFINDER:MICROFINDER_MAP:MINIPROT_ALIGN (MicroFinder_prot_set.v0.1.fa)
[2b/a4ff10] Submitted process > SANGERTOL_NFMICROFINDER:NFMICROFINDER:MICROFINDER_MAP:RENAME_EMPTY_OUTPUT (Taeniopygia_guttata.bTaeGut1_v1.p.dna.primary_assembly.1.fa)
-[0;35m[sanger-tol/nfmicrofinder][0;32m Pipeline completed successfully[0m-
